{
    "header": {
        "Title": "Game Export (v1.2)",
        "GameId": "1234567",
        "Players": [{
            "id": "1",
            "name": "Homer Simpson"
        }, {
            "id": "2",
            "name": "Bart Simpson"
        }, {
            "id": "3",
            "name": "Marge Simpson"
        }],
        "Map": {
            "id": "101",
            "name": "Crossroads"
        },
        "Time Range": {
            "start": "2013-01-11 02:50:40",
            "end": "2013-01-12 05:34:56"
        },
        "Number of Records": "100",
        "Columns": ["Index", "Timestamp", "Event Type", "Player Id", "Event Data"]
    }
} {
    "Index": "1",
    "Timestamp": "2013-01-11 02:54:42",
    "Event Type": "ResourcesGathered",
    "Player Id": "3",
    "Event Data": {
        "resource_type": "Wood",
        "quantity": "11"
    }
} {
    "Index": "2",
    "Timestamp": "2013-01-11 03:00:26",
    "Event Type": "ResourcesGathered",
    "Player Id": "2",
    "Event Data": {
        "resource_type": "Gold",
        "quantity": "7"
    }
} {
    "Index": "3",
    "Timestamp": "2013-01-11 03:05:42",
    "Event Type": "ResourcesGathered",
    "Player Id": "1",
    "Event Data": {
        "resource_type": "Gold",
        "quantity": "2"
    }
} {
    "Index": "4",
    "Timestamp": "2013-01-11 03:08:05",
    "Event Type": "UnitTrained",
    "Player Id": "3",
    "Event Data": {
        "unit_type": "Knight",
        "health": "270",
        "damage": "12-15"
    }
} {
    "Index": "5",
    "Timestamp": "2013-01-11 03:24:05",
    "Event Type": "DestroyedEnemy",
    "Player Id": "1",
    "Event Data": {
        "unit_type": "Pig Farm"
    }
}
